// Jest Snapshot v1, https://goo.gl/fbAQLP

exports[`Hello should match snapshot 1`] = `
<h1>
  Hello from 
  typescript
   and 
  react
  !
</h1>
`;
